
> game@0.0.0 test:e2e
> playwright test --config=../docs/game-review/invitation-photo-loading/scripts/verify.config.ts


Running 6 tests using 1 worker

(node:5962) Warning: The 'NO_COLOR' env is ignored due to the 'FORCE_COLOR' env being set.
(Use `node --trace-warnings ...` to show where the warning was created)
  ✓  1 e2e/invitation-photo-loading.spec.ts:12:3 › direct invitation reveals decoded photos together at 320 (4.3s)
  ✓  2 e2e/invitation-photo-loading.spec.ts:12:3 › direct invitation reveals decoded photos together at 393 (3.3s)
  ✓  3 e2e/invitation-photo-loading.spec.ts:12:3 › direct invitation reveals decoded photos together at 430 (3.5s)
  ✓  4 e2e/invitation-photo-loading.spec.ts:51:1 › game boot excludes invitation downloads, play warms them, and opening reuses cached bytes (6.3s)
  ✘  5 e2e/invitation-photo-loading.spec.ts:87:1 › photo failure keeps the incomplete page covered and offers a keyboard retry (8.0s)
(node:6863) Warning: The 'NO_COLOR' env is ignored due to the 'FORCE_COLOR' env being set.
(Use `node --trace-warnings ...` to show where the warning was created)
  ✓  6 e2e/invitation-photo-loading.spec.ts:103:1 › display variants retain all original gallery bytes and numerical ordering (154ms)


  1) e2e/invitation-photo-loading.spec.ts:87:1 › photo failure keeps the incomplete page covered and offers a keyboard retry 

    Error: expect(locator).toBeFocused() failed

    Locator:  locator('.invitation-page')
    Expected: focused
    Received: inactive
    Timeout:  5000ms

    Call log:
      - Expect "toBeFocused" with timeout 5000ms
      - waiting for locator('.invitation-page')
        14 × locator resolved to <main tabindex="-1" aria-busy="false" class="invitation-page" aria-label="재준과 현서의 청첩장" data-photos-state="ready">…</main>
           - unexpected value "inactive"


       98 |   await page.keyboard.press("Enter");
       99 |   await expect(page.locator(".invitation-page")).toHaveAttribute("data-photos-state", "ready", { timeout: 20000 });
    > 100 |   await expect(page.locator(".invitation-page")).toBeFocused();
          |                                                  ^
      101 | });
      102 |
      103 | test("display variants retain all original gallery bytes and numerical ordering", async () => {
        at /Users/user/wedding/ccj/game/e2e/invitation-photo-loading.spec.ts:100:50

    attachment #1: video (video/webm) ──────────────────────────────────────────────────────────────
    ../docs/game-review/invitation-photo-loading/runs/browser/invitation-photo-loading-p-a2045-and-offers-a-keyboard-retry/video.webm
    ────────────────────────────────────────────────────────────────────────────────────────────────

    Error Context: ../docs/game-review/invitation-photo-loading/runs/browser/invitation-photo-loading-p-a2045-and-offers-a-keyboard-retry/error-context.md

    attachment #3: trace (application/zip) ─────────────────────────────────────────────────────────
    ../docs/game-review/invitation-photo-loading/runs/browser/invitation-photo-loading-p-a2045-and-offers-a-keyboard-retry/trace.zip
    Usage:

        npx playwright show-trace ../docs/game-review/invitation-photo-loading/runs/browser/invitation-photo-loading-p-a2045-and-offers-a-keyboard-retry/trace.zip

    ────────────────────────────────────────────────────────────────────────────────────────────────

  1 failed
    e2e/invitation-photo-loading.spec.ts:87:1 › photo failure keeps the incomplete page covered and offers a keyboard retry 
  5 passed (27.3s)

